<6>[    0.000000] Booting Linux on physical CPU 0
<6>[    0.000000] Initializing cgroup subsys cpu
<5>[    0.000000] Linux version 3.4.113-gf01a33fc (nobody@android-build) (gcc version 4.9.x 20150123 (prerelease) (GCC) ) #1 SMP PREEMPT Wed Oct 27 06:05:55 CEST 2021
<4>[    0.000000] CPU: ARMv7 Processor [512f06f1] revision 1 (ARMv7), cr=10c5387d
<4>[    0.000000] CPU: PIPT / VIPT nonaliasing data cache, PIPT instruction cache
<6>[    0.000000] Machine: Qualcomm MSM 8974 (Flattened Device Tree), model: SoMC Aries ROW
<6>[    0.000000] Initialized persistent memory from 7fe00000-7fefffff
<6>[    0.000000] qcom,ion-heap@28 reserved EBI1 size 614000
<6>[    0.000000] qcom,ion-heap@20 reserved EBI1 size 6400000
<6>[    0.000000] Node qcom,mdss_fb_primary memblock_reserve memory 3200000-5000000
<6>[    0.000000] qcom,msm-contig-mem reserved EBI1 size 280000
<6>[    0.000000] Node qcom,msm-mem-hole removed memory 5a00000-d200000
<6>[    0.000000] Node qcom,msm-mem-hole removed memory fa00000-ff00000
<6>[    0.000000] memory pool 3 (start 0x79100000 size 6d00000) initialized
<6>[    0.000000] cma: CMA: reserved 16 MiB at 33000000
<6>[    0.000000] cma: Found secure_region, memory base 0, size 252 MiB, limit 0xffffffff
<6>[    0.000000] cma: CMA: reserved 252 MiB at 69400000
<6>[    0.000000] cma: Found adsp_region, memory base 0, size 65 MiB, limit 0xffffffff
<6>[    0.000000] cma: CMA: reserved 68 MiB at 65000000
<6>[    0.000000] cma: Found qsecom_region, memory base 0, size 17 MiB, limit 0xffffffff
<6>[    0.000000] cma: CMA: reserved 20 MiB at 63c00000
<6>[    0.000000] cma: Found fb_region@0, memory base 0, size 16 MiB, limit 0xffffffff
<6>[    0.000000] cma: CMA: reserved 16 MiB at 62c00000
<4>[    0.000000] Memory policy: ECC disabled, Data cache writealloc
<6>[    0.000000] IMEM DT static mapping successful
<7>[    0.000000] On node 0 totalpages: 464384
<7>[    0.000000] free_area_init_node: node 0, pgdat c1255780, node_mem_map c2158000
<7>[    0.000000]   Normal zone: 1666 pages used for memmap
<7>[    0.000000]   Normal zone: 0 pages reserved
<7>[    0.000000]   Normal zone: 179582 pages, LIFO batch:31
<7>[    0.000000]   HighMem zone: 2430 pages used for memmap
<7>[    0.000000]   HighMem zone: 280706 pages, LIFO batch:31
<6>[    0.000000] msm_reserve_last_regs: Dump table magic found!
<6>[    0.000000] msm_reserve_last_regs: last_regs_base=0xf2e7b000, size=4096
<6>[    0.000000] msm_reserve_last_regs: HWWD context not found
<6>[    0.000000] PERCPU: Embedded 7 pages/cpu @c31ae000 s15808 r0 d12864 u32768
<7>[    0.000000] pcpu-alloc: s15808 r0 d12864 u32768 alloc=8*4096
<7>[    0.000000] pcpu-alloc: [0] 0 [0] 1 [0] 2 [0] 3 
<4>[    0.000000] Built 1 zonelists in Zone order, mobility grouping on.  Total pages: 460288
<5>[    0.000000] Kernel command line: androidboot.hardware=qcom msm_rtb.filter=0x37 ehci-hcd.park=3 dwc3.maximum_speed=high dwc3_msm.prop_chg_detect=Y vmalloc=300M buildvariant=user androidboot.emmc=true androidboot.bootloader=s1 oemandroidboot.s1boot=1286-7314_S1_Boot_MSM8974AC_LA3.0_M_3 androidboot.serialno=YT911603MQ ta_info=1,16,256 startup=0x00000001 warmboot=0x77665502 oemandroidboot.imei=3598640639821300 oemandroidboot.phoneid=0000:3598640639821300 oemandroidboot.security=0 oemandroidboot.babe08b3=50000000 oemandroidboot.securityflags=0x00000003 lcdid_adc=0x5E2C0 display_status=on androidboot.baseband=msm
<6>[    0.000000] ta2227=50000000
<6>[    0.000000] PID hash table entries: 4096 (order: 2, 16384 bytes)
<6>[    0.000000] Dentry cache hash table entries: 131072 (order: 7, 524288 bytes)
<6>[    0.000000] Inode-cache hash table entries: 65536 (order: 6, 262144 bytes)
<6>[    0.000000] allocated 4194304 bytes of page_cgroup
<6>[    0.000000] please try 'cgroup_disable=memory' option if you don't want memory cgroups
<6>[    0.000000] Memory: 90MB 40MB 1682MB 2MB = 1814MB total
<5>[    0.000000] Memory: 1401568k/1401568k available, 567584k reserved, 766976K highmem
<5>[    0.000000] Virtual kernel memory layout:
<5>[    0.000000]     vector  : 0xffff0000 - 0xffff1000   (   4 kB)
<5>[    0.000000]     fixmap  : 0xfff00000 - 0xfffe0000   ( 896 kB)
<5>[    0.000000] 	   vmalloc : 0xf4800000 - 0xff000000   ( 168 MB)
<5>[    0.000000] 	    lowmem : 0xcff00000 - 0xf4100000   ( 578 MB)
<5>[    0.000000] 	   vmalloc : 0xcfa00000 - 0xcff00000   (   5 MB)
<5>[    0.000000] 	    lowmem : 0xcd200000 - 0xcfa00000   (  40 MB)
<5>[    0.000000] 	   vmalloc : 0xc5a00000 - 0xcd200000   ( 120 MB)
<5>[    0.000000] 	    lowmem : 0xc0000000 - 0xc5a00000   (  90 MB)
<5>[    0.000000]     pkmap   : 0xbfe00000 - 0xc0000000   (   2 MB)
<5>[    0.000000]       .text : 0xc0008000 - 0xc106d6c8   (16790 kB)
<5>[    0.000000]       .init : 0xc1100000 - 0xc120edc0   (1084 kB)
<5>[    0.000000]       .data : 0xc1210000 - 0xc12938b8   ( 527 kB)
<5>[    0.000000]        .bss : 0xc133e5e8 - 0xc154faf0   (2118 kB)
<6>[    0.000000] SLUB: Genslabs=11, HWalign=64, Order=0-3, MinObjects=0, CPUs=4, Nodes=1
<6>[    0.000000] Preemptible hierarchical RCU implementation.
<6>[    0.000000] 	RCU dyntick-idle grace-period acceleration is enabled.
<6>[    0.000000] NR_IRQS:16 nr_irqs:16 16
<6>[    0.000000] sched_clock: 32 bits at 19MHz, resolution 52ns, wraps every 223696213963ns
<6>[    0.000000] Switching to timer-based delay loop
<6>[    0.000047] Calibrating delay loop (skipped), value calculated using timer frequency.. 38.00 BogoMIPS (lpj=64000)
<6>[    0.000062] pid_max: default: 32768 minimum: 301
<6>[    0.000182] Security Framework initialized
<6>[    0.000210] SELinux:  Initializing.
<7>[    0.000260] SELinux:  Starting in permissive mode
<6>[    0.000306] Mount-cache hash table entries: 512
<6>[    0.048799] Initializing cgroup subsys debug
<6>[    0.048811] Initializing cgroup subsys cpuacct
<6>[    0.048821] Initializing cgroup subsys memory
<6>[    0.048852] Initializing cgroup subsys freezer
<6>[    0.048861] Initializing cgroup subsys bfqio
<6>[    0.048922] CPU: Testing write buffer coherency: ok
<6>[    0.049112] CPU0: thread -1, cpu 0, socket 0, mpidr 80000000
<6>[    0.049361] hw perfevents: enabled with ARMv7 Krait PMU driver, 5 counters available
<6>[    0.054639] Setting up static identity map for 0xcefc58 - 0xcefce0
<6>[    0.054673] MSM Memory Dump table set up
<6>[    0.056907] CPU1: thread -1, cpu 1, socket 0, mpidr 80000001
<6>[    0.057871] CPU2: thread -1, cpu 2, socket 0, mpidr 80000002
<6>[    0.058815] CPU3: thread -1, cpu 3, socket 0, mpidr 80000003
<6>[    0.058933] Brought up 4 CPUs
<6>[    0.058952] SMP: Total of 4 processors activated (153.00 BogoMIPS).
<6>[    0.073538] VFP support v0.3: implementor 51 architecture 64 part 6f variant 2 rev 1
<6>[    0.073967] dummy: 
<6>[    0.090158] NET: Registered protocol family 16
<6>[    0.093110] DMA: preallocated 256 KiB pool for atomic coherent allocations
<6>[    0.095164] KPI: Bootloader start count = 36266
<6>[    0.095173] KPI: Bootloader end count = 83918
<6>[    0.095180] KPI: Bootloader display count = 72902
<6>[    0.095187] KPI: Bootloader load kernel count = 2738184265
<6>[    0.095195] KPI: Kernel MPM timestamp = 171194
<6>[    0.095202] KPI: Kernel MPM Clock frequency = 32768
<6>[    0.095218] socinfo_print: v9, id=194, ver=1.1, raw_id=1972, raw_ver=1 ,hw_plat=8, hw_plat_ver=65536
<6>[    0.095218]  accessory_chip=0,hw_plat_subtype=0, pmic_model=65537, pmic_die_revision=196609,foundry_id=1
<6>[    0.112027] gpiochip_add: registered GPIOs 0 to 145 on device: msmgpio
<6>[    0.131585] msm_watchdog f9017000.qcom,wdt: MSM Watchdog Initialized
<6>[    0.141968] persistent_ram: found existing buffer, size 116468, start 108640
<6>[    0.409652] console [ram0] enabled
<6>[    0.420794] 8841_s1: 675 <--> 1050 mV at 0 mV normal idle 
<6>[    0.421298] 8841_s1_ao: 675 <--> 1050 mV at 0 mV normal idle 
<6>[    0.421833] 8841_s1_so: 675 <--> 1050 mV at 675 mV normal idle 
<6>[    0.422347] 8841_s2: 500 <--> 1050 mV at 0 mV normal idle 
<6>[    0.422908] 8841_s2_corner: 0 <--> 0 mV at 0 mV normal idle 
<6>[    0.423396] 8841_s2_corner_ao: 0 <--> 0 mV at 0 mV normal idle 
<6>[    0.423941] 8841_s2_floor_corner: 0 <--> 0 mV at 0 mV normal idle 
<6>[    0.424457] 8841_s3: 1050 mV normal idle 
<6>[    0.424962] 8841_s4: 815 <--> 900 mV at 0 mV normal idle 
<6>[    0.425518] 8841_s4_corner: 0 <--> 0 mV at 0 mV normal idle 
<6>[    0.426010] 8841_s4_floor_corner: 0 <--> 0 mV at 0 mV normal idle 
<6>[    0.426559] 8941_s1: 1300 mV normal idle 
<6>[    0.427061] 8941_s2: 2150 mV normal idle 
<6>[    0.427634] 8941_s3: 1800 mV normal idle 
<6>[    0.428136] 8941_l1: 1225 mV normal idle 
<6>[    0.428630] 8941_l2: 1200 mV normal idle 
<6>[    0.429197] 8941_l3: 1200 mV normal idle 
<6>[    0.429705] 8941_l4: 1225 mV normal idle 
<6>[    0.430202] 8941_l5: 1800 mV normal idle 
<6>[    0.430773] 8941_l6: 1800 mV normal idle 
<6>[    0.431279] 8941_l7: 1800 mV normal idle 
<6>[    0.431790] 8941_l8: 1800 mV normal idle 
<6>[    0.432364] 8941_l9: 1800 <--> 2950 mV at 2950 mV normal idle 
<6>[    0.432930] 8941_l12: 1800 mV normal idle 
<6>[    0.433466] 8941_l12_ao: 1800 mV normal idle 
<6>[    0.433977] 8941_l13: 1800 <--> 2950 mV at 2950 mV normal idle 
<6>[    0.434543] 8941_l14: 1800 mV normal idle 
<6>[    0.435040] 8941_l15: 2050 mV normal idle 
<6>[    0.435563] 8941_l16: 2700 mV normal idle 
<6>[    0.436134] 8941_l17: 2700 mV normal idle 
<6>[    0.436641] 8941_l18: 2850 mV normal idle 
<6>[    0.437190] 8941_l20: 2950 mV normal idle 
<6>[    0.437752] 8941_l21: 2950 mV normal idle 
<6>[    0.438264] 8941_l22: 3000 mV normal idle 
<6>[    0.438793] 8941_l23: 2800 mV normal idle 
<6>[    0.439353] 8941_l24: 3075 mV normal idle 
<6>[    0.439863] 8941_lvs1: 
<6>[    0.440352] 8941_lvs2: 
<6>[    0.440876] 8941_lvs3: 
<6>[    0.443215] PDN krait_pdn_phase_scaling_init: eFuse phase scaling factor = 1/4
<6>[    0.443293] PDN krait_pdn_phase_scaling_init: initial phase scaling factor = 1/4
<6>[    0.443730] krait0: 500 <--> 1120 mV at 900 mV fast normal idle 
<6>[    0.444317] krait1: 500 <--> 1120 mV at 900 mV fast normal idle 
<6>[    0.444855] krait2: 500 <--> 1120 mV at 900 mV fast normal idle 
<6>[    0.445444] krait3: 500 <--> 1120 mV at 900 mV fast normal idle 
<6>[    0.477719] msm-thermal qcom,msm-thermal.70: probe_psm:Failed reading node=/soc/qcom,msm-thermal, key=qcom,pmic-sw-mode-temp. err=-22. KTM continues
<6>[    0.478657] msm_thermal:vdd_restriction_reg_init Defer vdd rstr freq init.
<6>[    0.478800] msm-thermal qcom,msm-thermal.70: probe_ocr:Failed reading node=/soc/qcom,msm-thermal, key=qti,pmic-opt-curr-temp. KTM continues
<6>[    0.478937] msm-thermal qcom,msm-thermal.70: probe_thermal_efuse_read:Failed reading node=/soc/qcom,msm-thermal, key=qcom,efuse-data. KTM continues
<6>[    0.479586] hw-breakpoint: found 5 (+1 reserved) breakpoint and 4 watchpoint registers.
<6>[    0.479744] hw-breakpoint: maximum watchpoint size is 8 bytes.
<6>[    0.482996] 8941_boost: 5100 mV 
<6>[    0.483571] 8941_mvs1: 
<3>[    0.483731] qcom,qpnp-regulator qpnp-regulator-22: Failed to find supply parent
<6>[    0.484002] spmi qpnp-regulator-22: Driver qcom,qpnp-regulator requests probe deferral
<6>[    0.487069] sps:BAM 0xf9984000 (va:0xc5ac0000) enabled: ver:0x6, number of pipes:20
<6>[    0.487206] sps:BAM 0xf9984000 is registered.
<6>[    0.487286] sps:sps is ready.<6>[    0.488586] spmi qpnp-bsi-8: Driver qcom,qpnp-bsi requests probe deferral
<6>[    0.490515] gdsc_venus: 
<6>[    0.491003] gdsc_mdss: 
<6>[    0.491399] gdsc_jpeg: 
<6>[    0.491858] gdsc_vfe: 
<6>[    0.492203] gdsc_oxili_gx: 
<6>[    0.492355] gdsc_oxili_gx: supplied by 8841_s4_corner
<6>[    0.492780] gdsc_oxili_cx: 
<6>[    0.493122] gdsc_usb_hsic: 
<3>[    0.493806] AXI: msm_bus_fabric_init_driver(): msm_bus_fabric_init_driver
<6>[    0.499770] msm_ocmem fdd00000.qcom,ocmem: OCMEM Virtual addr c5e00000
<6>[    0.500567] Physical OCMEM zone layout:
<6>[    0.500647]  zone graphics	: 0xfec00000 - 0xfecfffff (1024 KB)
<6>[    0.500724]  zone lp_audio	: 0xfed00000 - 0xfed7ffff ( 512 KB)
<6>[    0.500860]  zone video	: 0xfed00000 - 0xfed7ffff ( 512 KB)
<6>[    0.523535] bio: create slab <bio-0> at 0
<6>[    0.525105] cma: Assigned CMA region at 0 to 8.qcom,ion-heap device
<3>[    0.525258] ION-heap mm: Cannot specify alignment for this type of heap
<6>[    0.525484] cma: Assigned CMA region at 0 to 16.qcom,ion-heap device
<3>[    0.525632] ION-heap adsp: Cannot specify alignment for this type of heap
<6>[    0.525837] cma: Assigned CMA region at 0 to 1b.qcom,ion-heap device
<6>[    0.526738] ION heap system created
<6>[    0.526961] ION heap mm created at 0x69400000 with size fc00000
<6>[    0.527070] ION heap adsp created at 0x65000000 with size 4100000
<6>[    0.527239] ION heap qsecom created at 0x63c00000 with size 1100000
<6>[    0.527409] ION heap audio created at 0x79100000 with size 614000
<6>[    0.527506] ION heap pil_1 created at 0x05a00000 with size 2100000
<6>[    0.527659] ION heap pil_2 created at 0x08000000 with size 5000000
<6>[    0.527939] ION heap camera_preview created at 0x79714000 with size 6400000
<5>[    0.529420] SCSI subsystem initialized
<6>[    0.529621] usbcore: registered new interface driver usbfs
<6>[    0.529809] usbcore: registered new interface driver hub
<6>[    0.530012] usbcore: registered new device driver usb
<6>[    0.530555] Linux media interface: v0.10
<6>[    0.530671] Linux video capture interface: v2.00
<6>[    0.533704] msm_iommu_v1 fda64000.qcom,iommu: device jpeg_iommu mapped at c5b60000, with 3 ctx banks
<6>[    0.534922] msm_iommu_v1 fd928000.qcom,iommu: device mdp_iommu mapped at c5be0000, with 3 ctx banks
<6>[    0.536783] msm_iommu_v1 fdc84000.qcom,iommu: device venus_iommu mapped at c5c80000, with 5 ctx banks
<6>[    0.537977] msm_iommu_v1 fdb10000.qcom,iommu: device kgsl_iommu mapped at c5ca0000, with 3 ctx banks
<6>[    0.539083] msm_iommu_v1 fda44000.qcom,iommu: device vfe_iommu mapped at c5cc0000, with 3 ctx banks
<6>[    0.540245] msm_iommu_ctx_v1 fda6c000.qcom,iommu-ctx: context jpeg_enc0 using bank 0
<6>[    0.540529] msm_iommu_ctx_v1 fda6d000.qcom,iommu-ctx: context jpeg_enc1 using bank 1
<6>[    0.540828] msm_iommu_ctx_v1 fda6e000.qcom,iommu-ctx: context jpeg_dec using bank 2
<6>[    0.541060] msm_iommu_ctx_v1 fd930000.qcom,iommu-ctx: context mdp_0 using bank 0
<6>[    0.541354] msm_iommu_ctx_v1 fd931000.qcom,iommu-ctx: context mdp_1 using bank 1
<6>[    0.541639] msm_iommu_ctx_v1 fd932000.qcom,iommu-ctx: context mdp_2 using bank 2
<6>[    0.541905] msm_iommu_ctx_v1 fdc8c000.qcom,iommu-ctx: context venus_ns using bank 0
<6>[    0.542200] msm_iommu_ctx_v1 fdc8d000.qcom,iommu-ctx: context venus_sec_bitstream using bank 1
<6>[    0.542495] msm_iommu_ctx_v1 fdc8e000.qcom,iommu-ctx: context venus_fw using bank 2
<6>[    0.542715] msm_iommu_ctx_v1 fdc8f000.qcom,iommu-ctx: context venus_sec_pixel using bank 3
<6>[    0.542991] msm_iommu_ctx_v1 fdc90000.qcom,iommu-ctx: context venus_sec_non_pixel using bank 4
<6>[    0.543319] msm_iommu_ctx_v1 fdb18000.qcom,iommu-ctx: context gfx3d_user using bank 0
<6>[    0.543605] msm_iommu_ctx_v1 fdb19000.qcom,iommu-ctx: context gfx3d_priv using bank 1
<6>[    0.543825] msm_iommu_ctx_v1 fdb1a000.qcom,iommu-ctx: context gfx3d_spare using bank 2
<6>[    0.544112] msm_iommu_ctx_v1 fda4c000.qcom,iommu-ctx: context vfe0 using bank 0
<6>[    0.544396] msm_iommu_ctx_v1 fda4d000.qcom,iommu-ctx: context vfe1 using bank 1
<6>[    0.544614] msm_iommu_ctx_v1 fda4e000.qcom,iommu-ctx: context cpp using bank 2
<6>[    0.546759] Advanced Linux Sound Architecture Driver Version 1.0.25.
<6>[    0.547454] Bluetooth: Core ver 2.16
<6>[    0.547575] NET: Registered protocol family 31
<6>[    0.547650] Bluetooth: HCI device and connection manager initialized
<6>[    0.547785] Bluetooth: HCI socket layer initialized
<6>[    0.547860] Bluetooth: L2CAP socket layer initialized
<6>[    0.548252] Bluetooth: SCO socket layer initialized
<6>[    0.548602] cfg80211: Calling CRDA to update world regulatory domain
<6>[    0.549910] Switching to clocksource arch_sys_counter
<6>[    0.579928] NET: Registered protocol family 2
<6>[    0.587698] IP route cache hash table entries: 32768 (order: 5, 131072 bytes)
<6>[    0.588363] TCP established hash table entries: 131072 (order: 8, 1048576 bytes)
<6>[    0.589947] TCP bind hash table entries: 65536 (order: 7, 524288 bytes)
<6>[    0.590831] TCP: Hash tables configured (established 131072 bind 65536)
<6>[    0.590968] TCP: reno registered
<6>[    0.591050] UDP hash table entries: 512 (order: 2, 16384 bytes)
<6>[    0.591220] UDP-Lite hash table entries: 512 (order: 2, 16384 bytes)
<6>[    0.591634] NET: Registered protocol family 1
<6>[    0.592102] Trying to unpack rootfs image as initramfs...
<6>[    1.262961] Freeing initrd memory: 1372K
<6>[    1.268465] Detected 9 counters on the L2CC PMU.
<7>[    1.270217] gpiochip_find_base: found new base at 992
<6>[    1.270327] gpiochip_add: registered GPIOs 992 to 1023 on device: smp2p
<7>[    1.270936] gpiochip_find_base: found new base at 960
<6>[    1.271030] gpiochip_add: registered GPIOs 960 to 991 on device: smp2p
<7>[    1.271137] gpiochip_find_base: found new base at 928
<6>[    1.271217] gpiochip_add: registered GPIOs 928 to 959 on device: smp2p
<7>[    1.271779] gpiochip_find_base: found new base at 896
<6>[    1.271859] gpiochip_add: registered GPIOs 896 to 927 on device: smp2p
<7>[    1.271972] gpiochip_find_base: found new base at 864
<6>[    1.272052] gpiochip_add: registered GPIOs 864 to 895 on device: slave-kernel
<7>[    1.272626] gpiochip_find_base: found new base at 832
<6>[    1.272706] gpiochip_add: registered GPIOs 832 to 863 on device: master-kernel
<7>[    1.272906] gpiochip_find_base: found new base at 800
<6>[    1.272991] gpiochip_add: registered GPIOs 800 to 831 on device: smp2p
<7>[    1.273516] gpiochip_find_base: found new base at 768
<6>[    1.273597] gpiochip_add: registered GPIOs 768 to 799 on device: smp2p
<7>[    1.273763] gpiochip_find_base: found new base at 736
<6>[    1.273849] gpiochip_add: registered GPIOs 736 to 767 on device: slave-kernel
<7>[    1.274414] gpiochip_find_base: found new base at 704
<6>[    1.274495] gpiochip_add: registered GPIOs 704 to 735 on device: master-kernel
<7>[    1.274686] gpiochip_find_base: found new base at 672
<6>[    1.274773] gpiochip_add: registered GPIOs 672 to 703 on device: smp2p
<7>[    1.275376] gpiochip_find_base: found new base at 640
<6>[    1.275457] gpiochip_add: registered GPIOs 640 to 671 on device: smp2p
<7>[    1.275563] gpiochip_find_base: found new base at 608
<6>[    1.275650] gpiochip_add: registered GPIOs 608 to 639 on device: slave-kernel
<7>[    1.276267] gpiochip_find_base: found new base at 576
<6>[    1.276354] gpiochip_add: registered GPIOs 576 to 607 on device: master-kernel
<7>[    1.276498] gpiochip_find_base: found new base at 544
<6>[    1.276579] gpiochip_add: registered GPIOs 544 to 575 on device: rdbg
<7>[    1.277214] gpiochip_find_base: found new base at 512
<6>[    1.277330] gpiochip_add: registered GPIOs 512 to 543 on device: rdbg
<7>[    1.277499] gpiochip_find_base: found new base at 480
<6>[    1.277581] gpiochip_add: registered GPIOs 480 to 511 on device: rdbg
<7>[    1.278166] gpiochip_find_base: found new base at 448
<6>[    1.278259] gpiochip_add: registered GPIOs 448 to 479 on device: rdbg
<6>[    1.280172] pil-q6v5-lpass fe200000.qcom,lpass: using secure boot
<6>[    1.284149] pil_venus fdce0000.qcom,venus: using secure boot
<6>[    1.291596] NET: Registered protocol family 27
<6>[    1.296880] clock-krait-8974 f9016000.qcom,clock-krait: PVS config version: 1
<6>[    1.297035] clock-krait-8974 f9016000.qcom,clock-krait: Speed bin: 3
<6>[    1.297115] clock-krait-8974 f9016000.qcom,clock-krait: PVS bin: 3
<6>[    1.297250] clock-krait-8974 f9016000.qcom,clock-krait: PVS version: 1
<6>[    1.300435] L2 @ 729600 KHz
<6>[    1.300718] CPU0 @ 960000 KHz
<6>[    1.300796] CPU1 @ unknown rate. Forcing new rate.
<6>[    1.301026] CPU1 @ 300000 KHz
<6>[    1.301364] CPU2 @ unknown rate. Forcing new rate.
<6>[    1.301697] CPU2 @ 300000 KHz
<6>[    1.301881] CPU3 @ unknown rate. Forcing new rate.
<6>[    1.302363] CPU3 @ 300000 KHz
<5>[    1.314787] msm_rpm_log_probe: OK
<6>[    1.337155] mpm_counter: [    1.337138]:(211886)
<6>[    1.342948] audit: initializing netlink socket (disabled)
<5>[    1.343002] type=2000 audit(6.339:1): initialized
<4>[    1.343584] highmem bounce pool size: 64 pages
<5>[    1.345326] VFS: Disk quotas dquot_6.5.2
<4>[    1.345451] Dquot-cache hash table entries: 1024 (order 0, 4096 bytes)
<6>[    1.346087] [SDFAT] Filesystem version 2.4.5
<6>[    1.346460] Registering sdcardfs 0.1
<6>[    1.346781] fuse init (API version 7.18)
<7>[    1.347025] SELinux:  Registering netfilter hooks
<6>[    1.348578] Block layer SCSI generic (bsg) driver version 0.4 loaded (major 246)
<6>[    1.348647] io scheduler noop registered (default)
<6>[    1.348685] io scheduler deadline registered
<6>[    1.348729] io scheduler row registered
<6>[    1.348806] io scheduler cfq registered
<6>[    1.348928] io scheduler bfq registered
<6>[    1.348965] BFQ I/O-scheduler: v7r8
<7>[    1.349152] gpiochip_find_base: found new base at 444
<6>[    1.349226] gpiochip_add: registered GPIOs 444 to 447 on device: pm8841-mpp
<7>[    1.349497] qcom,qpnp-pin qpnp-pin-2: qpnp_pin_probe: gpio_chip registered between 444-447
<7>[    1.350195] gpiochip_find_base: found new base at 408
<6>[    1.350236] gpiochip_add: registered GPIOs 408 to 443 on device: pm8941-gpio
<7>[    1.351518] qcom,qpnp-pin qpnp-pin-15: qpnp_pin_probe: gpio_chip registered between 408-443
<7>[    1.353042] gpiochip_find_base: found new base at 401
<6>[    1.353081] gpiochip_add: registered GPIOs 401 to 407 on device: pm8941-mpp
<7>[    1.353553] qcom,qpnp-pin qpnp-pin-16: qpnp_pin_probe: gpio_chip registered between 401-407
<6>[    1.353995] mdss_mdp_probe: MDP HW Base phy_Address=0xfd900000 virt=0xc5d00000
<6>[    1.354047] mdss_mdp_probe: MDSS VBIF HW Base phy_Address=0xfd924000 virt=0xc5c74000
<3>[    1.354201] mdss_mdp_parse_dt_prop_len: Error from prop qcom,mdss-clk-levels : spec error in device tree
<3>[    1.354364] mdss_mdp_parse_bootarg: mdss_mdp_parse_bootarg:1528:cmdline panel not set disp_idx=[00000000]
<6>[    1.355681] mdss_dsi_ctrl_probe: DSI Ctrl name = MDSS DSI CTRL->0
<4>[    1.355737] mdss_dsi_ctrl_probe:1315:dsi specific cfg not present
<6>[    1.355867] mdss_dsi_panel_init: gpio=1
<6>[    1.355912] mdss_dsi_panel_init: physical:1157184
<6>[    1.355972] mdss_panel_parse_dt: Panel Name = jdi novatek 720p cmd
<3>[    1.356165] mdss_dsi_parse_dcs_cmds: failed, key=qcom,mdss-dsi-panel-status-command
<3>[    1.356238] mdss_dsi_parse_dcs_cmds: failed, key=somc,mdss-dsi-id-read-command
<3>[    1.356302] mdss_dsi_parse_dcs_cmds: failed, key=somc,mdss-dsi-cabc-early-on-command
<3>[    1.356370] mdss_dsi_parse_dcs_cmds: failed, key=somc,mdss-dsi-cabc-on-command
<3>[    1.356437] mdss_dsi_parse_dcs_cmds: failed, key=somc,mdss-dsi-cabc-off-command
<3>[    1.356475] mdss_dsi_parse_dcs_cmds: failed, key=somc,mdss-dsi-cabc-late-off-command
<3>[    1.356541] mdss_dsi_parse_dcs_cmds: failed, key=somc,mdss-dsi-cabc-deferred-on-command
<6>[    1.356640] mdss_dsi_parse_panel_features:2222 Partial update disabled
<6>[    1.356679] mdss_dsi_parse_panel_features: ulps feature disabled
<6>[    1.356747] mdss_dsi_parse_panel_features: dynamic switch feature enabled: 0mdss_dsi_panel_init: Continuous splash enabled
<6>[    1.357144] mdss_dsi_retrieve_ctrl_resources: ctrl_base=c5c76800 ctrl_size=1f8 phy_base=c5c78b00 phy_size=2b0
<3>[    1.357250] dsi_panel_device_register: Using default BTA for ESD check
<6>[    1.360156] mdss_register_panel: adding framebuffer device fd922800.qcom,mdss_dsi
<6>[    1.360265] cma: Assigned CMA region at 0 to qcom,mdss_fb_primary.167 device
<6>[    1.360424] mdss_hw_init: MDP Rev=10020001
<6>[    1.362072] mdss_dsi_panel_pcc_setup (1767): raw_ud=20 raw_vd=38 ct=0 area=85 ud=20 vd=38 r=0x00008000 g=0x00007300 b=0x00007C00
<6>[    1.362152] mdss_dsi_ctrl_probe: DSI Ctrl name = MDSS DSI CTRL->1
<4>[    1.362237] mdss_dsi_ctrl_probe:1315:dsi specific cfg not present
<3>[    1.362302] mdss_dsi_pref_prim_panel:can't find panel phandle
<3>[    1.362338] mdss_dsi_ctrl_probe: can't find panel node 
<6>[    1.362639] mdss_dsi_status_init: DSI status check interval:5000
<6>[    1.363077] hdmi_tx_init_resource: 'core_physical': start = 0xc5c7c100, len=0x370
<6>[    1.363148] hdmi_tx_init_resource: 'phy_physical': start = 0xc5c7e500, len=0x7c
<6>[    1.363221] hdmi_tx_init_resource: 'qfprom_physical': start = 0xc5c98000, len=0x60f0
<6>[    1.363643] mdss_register_panel: adding framebuffer device fd922100.qcom,hdmi_tx
<6>[    1.364932] mdss_register_panel: adding framebuffer device qcom,mdss_wb_panel.5
<6>[    1.365541] mdss_fb_parse_dt: split framebuffer left=0 right=0
<6>[    1.372781] mdss_fb_register: FrameBuffer[0] 720x1280 registered successfully!
<4>[    1.372982] mdss_mdp_pp_resume: Failed to get AD info, err = -112
<7>[    1.373091] Registered led device: lcd-backlight
<6>[    1.373339] mdss_dsi_ctrl fd922800.qcom,mdss_dsi: mipi_dsi_panel_create_debugfs: create folder fd922800.qcom,mdss_dsi
<6>[    1.373508] mdss_fb_parse_dt: split framebuffer left=0 right=0
<6>[    1.373625] mdss_fb_register: FrameBuffer[1] 640x480 registered successfully!
<6>[    1.373779] mdss_fb_parse_dt: split framebuffer left=0 right=0
<6>[    1.373865] mdss_fb_register: FrameBuffer[2] 1920x1080 registered successfully!
<6>[    1.373989] Skip drawing logo. Already drawn in boot.
<7>[    1.374102] Registered led device: rgb
<3>[    1.374110] qcom,leds-qpnp leds-qpnp-23: rgb_sync prepare 1
<7>[    1.374269] Registered led device: led:rgb_red
<7>[    1.374362] Registered led device: led:rgb_green
<7>[    1.374453] Registered led device: led:rgb_blue
<3>[    1.374472] qcom,leds-qpnp leds-qpnp-24: rgb_sync prepare 0
<7>[    1.375123] Registered led device: wled:backlight
<3>[    1.376785] sps: BAM device 0xf9944000 is not registered yet.
<6>[    1.376854] sps:BAM 0xf9944000 is registered.
<6>[    1.378726] f995d000.uart: ttyHS0 at MMIO 0xf995d000 (irq = 145) is a MSM HS UART
<3>[    1.381087] kgsl: adreno_of_read_property: Unable to read 'qcom,pm-qos-latency'
<4>[    1.381661] kgsl bus ib [0] = 2456000000
<4>[    1.381729] kgsl bus ib [1] = 3680000000
<4>[    1.381764] kgsl bus ib [2] = 4912000000
<4>[    1.381800] kgsl bus ib [3] = 7464000000
<4>[    1.381866] kgsl bus index is 3 for pwrlevel 0
<4>[    1.381901] kgsl bus index is 2 for pwrlevel 1
<4>[    1.381937] kgsl bus index is 2 for pwrlevel 2
<4>[    1.382001] kgsl bus index is 1 for pwrlevel 3
<4>[    1.382037] kgsl bus index is 0 for pwrlevel 4
<6>[    1.382599] kgsl kgsl-3d0: |kgsl_iommu_init| MMU type set for device is IOMMU
<6>[    1.386025] brd: module loaded
<6>[    1.387245] loop: module loaded
<6>[    1.387475] zram: Created 1 device(s)
<6>[    1.387512] Loading pn547 driver
<6>[    1.387640] pn547_parse_dt: irq : 24, ven : 401, firm : 57, pvdd_en : 441
<6>[    1.647296] pn547_probe : IRQ num 344
<6>[    1.647369] pn547_probe : requesting IRQ 344
<6>[    1.659000] pn547_probe : i2c addr=0x28
<6>[    1.659049] pn547_probe : success
<3>[    1.659182] somc,pm8941-flash qpnp-vibrator-37: No matching label
<4>[    1.659253] somc,pm8941-flash: probe of qpnp-vibrator-37 failed with error -22
<3>[    1.659420] somc,pm8941-flash pm8941-flash-38: pm8941_regulator_init: regulator_get failed on flash. rc=-517
<6>[    1.659494] spmi pm8941-flash-38: Driver somc,pm8941-flash requests probe deferral
<4>[    1.659945] QSEECOM: qseecom_probe: support_bus_scaling=0x1
<4>[    1.660013] QSEECOM: qseecom_probe: disk-encrypt-pipe-pair=0x2QSEECOM: qseecom_probe: file-encrypt-pipe-pair=0x0
<4>[    1.660120] QSEECOM: qseecom_probe: hlos-ce-hw-instance=0x1QSEECOM: qseecom_probe: qsee-ce-hw-instance=0x0
<6>[    1.660251] QSEECOM: qseecom_probe: qseecom.appsbl_qseecom_support = 0x0QSEECOM: qseecom_probe: secure app region addr=0x7b00000 size=0x500000
<4>[    1.661181] i2c-core: driver [tabla-i2c-core] using legacy suspend method
<4>[    1.661281] i2c-core: driver [tabla-i2c-core] using legacy resume method
<4>[    1.661392] i2c-core: driver [wcd9xxx-i2c-core] using legacy suspend method
<4>[    1.661428] i2c-core: driver [wcd9xxx-i2c-core] using legacy resume method
<3>[    1.661855] sps: BAM device 0xf9904000 is not registered yet.
<6>[    1.661894] sps:BAM 0xf9904000 is registered.
<6>[    1.664005] sps:BAM 0xf9904000 (va:0xc5d80000) enabled: ver:0x13, number of pipes:24
<6>[    1.666153] tun: Universal TUN/TAP device driver, 1.6
<6>[    1.666220] tun: (C) 1999-2004 Max Krasnyansky <maxk@qualcomm.com>
<6>[    1.666418] spi spi0.2: Driver ks8851 requests probe deferral
<6>[    1.666496] rmnet_init: BAM devices[9]
<6>[    1.669099] PPP generic driver version 2.4.2
<6>[    1.669213] PPP BSD Compression module registered
<6>[    1.669250] PPP Deflate Compression module registered
<6>[    1.669460] PPP MPPE Compression module registered
<6>[    1.669500] NET: Registered protocol family 24
<6>[    1.669541] SLIP: version 0.8.4-NET3.019-NEWTTY (dynamic channels, max=256) (6 bit encapsulation enabled).
<6>[    1.669608] CSLIP: code copyright 1989 Regents of the University of California.
<6>[    1.669694] usbcore: registered new interface driver asix
<6>[    1.669744] usbcore: registered new interface driver cdc_eem
<6>[    1.669823] usbcore: registered new interface driver dm9601
<6>[    1.669873] usbcore: registered new interface driver smsc75xx
<6>[    1.669951] usbcore: registered new interface driver smsc95xx
<6>[    1.670000] usbcore: registered new interface driver gl620a
<6>[    1.670080] usbcore: registered new interface driver plusb
<6>[    1.670130] usbcore: registered new interface driver MOSCHIP usb-ethernet driver
<6>[    1.670260] usbcore: registered new interface driver int51x1
<6>[    1.670311] usbcore: registered new interface driver kalmia
<6>[    1.670387] usbcore: registered new interface driver sierra_net
<6>[    1.670438] usbcore: registered new interface driver cx82310_eth
<6>[    1.712832] msm-dwc3 msm_dwc3: set phy param value=0x00d0cc27
<6>[    1.917011] dwc3 f9200000.dwc3: UNDEFINED state
<6>[    1.918924] ehci_hcd: USB 2.0 'Enhanced' Host Controller (EHCI) Driver
<6>[    1.919490] Initializing USB Mass Storage driver...
<6>[    1.919546] usbcore: registered new interface driver usb-storage
<6>[    1.919582] USB Mass Storage support registered.
<6>[    1.919661] usbcore: registered new interface driver usb_ehset_test
<6>[    1.919948] file system registered
<6>[    1.920039] mbim_init: initialize 1 instances
<6>[    1.920108] mbim_init: Initialized 1 ports
<6>[    1.920868] rndis_qc_init: initialize rndis QC instance
<6>[    1.921118]  gadget: Mass Storage Function, version: 2009/09/11
<6>[    1.921155]  gadget: Number of LUNs=2
<6>[    1.921220]  lun0: LUN: removable file: (no medium)
<6>[    1.921257]  lun1: LUN: removable read only CD-ROM file: (no medium)
<6>[    1.921502]  gadget: android_usb ready
<6>[    1.922069] usbcore: registered new interface driver xpad
<6>[    1.922148] usbcore: registered new interface driver usb_acecad
<6>[    1.922199] usbcore: registered new interface driver aiptek
<6>[    1.922278] usbcore: registered new interface driver gtco
<6>[    1.922329] usbcore: registered new interface driver hanwang
<6>[    1.922408] usbcore: registered new interface driver kbtab
<6>[    1.922458] usbcore: registered new interface driver wacom
<4>[    1.922974] clearpad clearpad: no wakeup_gesture_large_panel
<6>[    1.923082] clearpad-rmi-dev clearpad-rmi-dev: Major number of rmidev: 239
<6>[    1.923149] clearpad-rmi-dev clearpad-rmi-dev: Allocated rmidev 239 0.
<6>[    1.923339] input: bu520x1nvx as /devices/virtual/input/input0
<6>[    1.923645] clearpad clearpad: clearpad_vreg_suspend: vdd: set mode (HPM) ok, new mode=2
<6>[    1.924698] qcom,qpnp-rtc qpnp-rtc-17: rtc core: registered qpnp_rtc as rtc0
<6>[    1.924871] i2c /dev entries driver
<7>[    1.925704] msm_vidc: 1: Failed to read qcom,load-freq-tbl from device tree
<7>[    1.925708] msm_vidc: 1: no elements in frequency table
<7>[    1.925712] msm_vidc: 1: Failed to read qcom,reg-presets from device tree
<7>[    1.925759] msm_vidc: 1: Failed to read qcom,buffer-type-tz-usage-table from device tree
<7>[    1.925766] msm_vidc: 1: Q6 hfi device probe called
<7>[    1.925889] msm_vidc: 1: debugfs_create_file: fail
<6>[    1.947832] qcom,sony_camera_0 20.qcom,camera: sony_eeprom_load: load eeprom
<6>[    2.246912] qcom,sony_camera_0 20.qcom,camera: sony_eeprom_load: MODULE NAME: len=2048, name=SOI20BS1
<6>[    2.340298] clearpad clearpad: device mid 1, prop 224, family 0x82, rev 0x0d.00, extra 0x02
<6>[    2.340369] clearpad clearpad: bl 2000-00-00, tester 0, s/n 20556, id 'G334-001'
<6>[    2.342546] clearpad clearpad: x_max=719, y_max=1279, n_fingers=10, n_bytes_per_object=8
<6>[    2.343084] clearpad clearpad: result: G334-001, family 0x82, fw rev 0x0d.00, extra 0x02, (no fw update)
<6>[    2.343177] clearpad clearpad: funcarea 'pointer' [0, 0, 719, 1279] [0, 0, 719, 1279]
<6>[    2.343225] clearpad clearpad: Touch area [0, 0, 719, 1279]
<6>[    2.343383] input: clearpad as /devices/virtual/input/input1
<6>[    2.343471] evdt_initialize: LOG [=== DOUBLE TAP ===]
<6>[    2.343562] evdt_initialize: KEY [116, DOWN]
<6>[    2.343612] evdt_initialize: KEY [116, UP]
<6>[    2.343703] clearpad clearpad: Touch Wakeup Feature OK
<6>[    2.343944] clearpad clearpad: clearpad_set_power: state=running
<6>[    2.344034] clearpad clearpad: clearpad_vreg_suspend: vdd: set mode (HPM) ok, new mode=2
<6>[    2.366608] clearpad clearpad: normal mode OK
<6>[    2.375547] clearpad clearpad: Touch irq busy
<6>[    2.387338] clearpad-i2c 8-002c: clearpad_i2c_probe: sucess
<6>[    2.387648] clearpad clearpad: status = 0x81
<6>[    2.387697] clearpad clearpad: device reset
<6>[    2.402745] clearpad clearpad: x_max=719, y_max=1279, n_fingers=10, n_bytes_per_object=8
<6>[    2.403279] clearpad clearpad: result: G334-001, family 0x82, fw rev 0x0d.00, extra 0x02, (no fw update)
<6>[    2.403350] clearpad clearpad: clearpad_vreg_suspend: vdd: set mode (HPM) ok, new mode=2
<6>[    2.425935] clearpad clearpad: normal mode OK
<6>[    2.425976] clearpad clearpad: Touch irq pending
<6>[    2.426203] clearpad clearpad: no work, interrupt=[0x00]
<6>[    2.452662] qcom,sony_camera_0 20.qcom,camera: sony_camera_platform_probe: camera 0 probe ok
<6>[    2.460795] qcom,sony_camera_1 6c.qcom,camera: sony_eeprom_load: load eeprom
<6>[    2.610278] qcom,sony_camera_1 6c.qcom,camera: sony_eeprom_load: MODULE NAME: len=1024, name=LGI02BN1
<6>[    2.813675] qcom,sony_camera_1 6c.qcom,camera: sony_camera_platform_probe: camera 1 probe ok
<6>[    2.814721] __msm_jpeg_init:957] Jpeg Device id 0
<6>[    2.814846] __msm_jpeg_init:957] Jpeg Device id 1__msm_jpeg_init:957] Jpeg Device id 2
<6>[    2.830263] bq28400_init:  bq28400 driver rev 1.0.
<6>[    2.830364] BMS: qpnp_bms_init: QPNP BMS INIT
<6>[    2.830484] spmi qpnp-bms-10: Driver qcom,qpnp-bms requests probe deferral
<6>[    2.830636] spmi qpnp-charger-14: Driver qcom,qpnp-charger requests probe deferral
<6>[    2.880986] device-mapper: uevent: version 1.0.3
<6>[    2.881114] device-mapper: ioctl: 4.22.0-ioctl (2011-10-19) initialised: dm-devel@redhat.com
<6>[    2.881283] Bluetooth: HCI UART driver ver 2.2
<6>[    2.882161] (fmdrv): FM driver version 1.01
<6>[    2.882708] cpuidle: using governor ladder
<6>[    2.882777] cpuidle: using governor menu
<6>[    2.882855] sdhci: Secure Digital Host Controller Interface driver
<6>[    2.882891] sdhci: Copyright(c) Pierre Ossman
<6>[    2.883548] mmc0: SDCC Version: 0x0000003e
<6>[    2.884970] mmc0: bam physical base=0xf9844000
<6>[    2.885007] mmc0: bam virtual base=0xc5cd8000
<6>[    2.885074] sps:BAM 0xf9844000 is registered.
<6>[    2.885110] mmc0: BAM device registered. bam_handle=0xf23a0400<6>[    2.885421] sps:BAM 0xf9844000 (va:0xc5cd8000) enabled: ver:0x6, number of pipes:6
<6>[    2.885695] mmc0: Qualcomm MSM SDCC-BAM at [mem 0xf9844000-0xf984afff flags 0x200] [irq 255 flags 0x400]
<6>[    2.885780] mmc0: Qualcomm MSM SDCC-DML [mem 0xf9864800-0xf98648ff flags 0x200]
<6>[    2.885870] mmc0: id 3, nonremovable 1
<6>[    2.885907] wcf_status: wifi_detect = 0
<6>[    2.885943] wcf_status_register
<6>[    2.888420] mmc0: Qualcomm MSM SDCC-core [mem 0xf9864000-0xf98647ff flags 0x200] [irq 159 flags 0x400],0 dma -1 dmacrcri -1
<6>[    2.888489] mmc0: Controller capabilities: 0x00007ffe
<6>[    2.888525] mmc0: 8 bit data mode disabled
<6>[    2.888589] mmc0: 4 bit data mode enabled
<6>[    2.888626] mmc0: polling status mode disabled
<6>[    2.888662] mmc0: MMC clock 400000 -> 100000000 Hz, PCLK 0 Hz
<6>[    2.888728] mmc0: Slot eject status = 1
<6>[    2.888764] mmc0: Power save feature enable = 1
<6>[    2.888829] mmc0: SPS-BAM data transfer mode available
<6>[    2.889115] sdhci-pltfm: SDHCI platform and OF driver helper
<6>[    2.893076] mmc1: no vmmc regulator found
<7>[    2.894187] Registered led device: mmc1::
<6>[    2.895275] mmc1: SDHCI controller on msm_sdcc.1 [msm_sdcc.1] using ADMA
<6>[    2.899363] mmc2: no vmmc regulator found
<7>[    2.900470] Registered led device: mmc2::
<6>[    2.901557] mmc2: SDHCI controller on msm_sdcc.2 [msm_sdcc.2] using ADMA
<4>[    2.902048] QCE50: __qce_get_device_tree_data: bam_pipe_pair=0x1
<4>[    2.902115] QCE50: __qce_get_device_tree_data: ce-device =0x0QCE50: __qce_get_device_tree_data: ce_phy_reg_base=0xfd440000  
<4>[    2.902258] QCE50: __qce_get_device_tree_data: ce_virt_reg_base=0xc5dc0000
<4>[    2.902327] QCE50: __qce_get_device_tree_data: ce_bam_phy_reg_base=0xfd444000  
<4>[    2.902392] QCE50: __qce_get_device_tree_data: CRYPTO BAM IRQ = 268.
<6>[    2.902652] qce qcedev.0: Qualcomm Crypto 5.1.0 device found @0xfd440000
<6>[    2.902691] qce qcedev.0: CE device = 0x0
<6>[    2.902691] , IO base, CE = 0xc5dc0000
<6>[    2.902691] , Consumer (IN) PIPE 2,    Producer (OUT) PIPE 3
<6>[    2.902691] IO base BAM = 0x0
<6>[    2.902691] BAM IRQ 268
<6>[    2.902691] Engines Availability = 0x1010853
<6>[    2.902807] sps:BAM 0xfd444000 is registered.
<6>[    2.903032] sps:BAM 0xfd444000 (va:0xc5da0000) enabled: ver:0x20, number of pipes:8
<6>[    2.903301] QCE50: qce_sps_init:  Qualcomm MSM CE-BAM at 0x00000000fd444000 irq 268
<6>[    2.903499] qcedev: FIPS140-2 Known Answer Tests : Skipped
<4>[    2.903885] QCE50: __qce_get_device_tree_data: bam_pipe_pair=0x2
<4>[    2.903924] QCE50: __qce_get_device_tree_data: ce-device =0x0QCE50: __qce_get_device_tree_data: ce_phy_reg_base=0xfd440000  
<4>[    2.904092] QCE50: __qce_get_device_tree_data: ce_virt_reg_base=0xc6fc0000
<4>[    2.904191] QCE50: __qce_get_device_tree_data: ce_bam_phy_reg_base=0xfd444000  
<4>[    2.904229] QCE50: __qce_get_device_tree_data: CRYPTO BAM IRQ = 268.
<6>[    2.904686] qcrypto fd440000.qcom,qcrypto: Qualcomm Crypto 5.1.0 device found @0xfd440000
<6>[    2.904755] qcrypto fd440000.qcom,qcrypto: CE device = 0x0
<6>[    2.904755] , IO base, CE = 0xc6fc0000
<6>[    2.904755] , Consumer (IN) PIPE 4,    Producer (OUT) PIPE 5
<6>[    2.904755] IO base BAM = 0x0
<6>[    2.904755] BAM IRQ 268
<6>[    2.904755] Engines Availability = 0x1010853
<6>[    2.905180] QCE50: qce_sps_init:  Qualcomm MSM CE-BAM at 0x00000000fd444000 irq 268
<6>[    2.905412] qcrypto fd440000.qcom,qcrypto: qcrypto-ecb-aes
<6>[    2.905546] qcrypto fd440000.qcom,qcrypto: qcrypto-cbc-aes
<6>[    2.905636] qcrypto fd440000.qcom,qcrypto: qcrypto-ctr-aes
<6>[    2.905755] qcrypto fd440000.qcom,qcrypto: qcrypto-ecb-des
<6>[    2.905844] qcrypto fd440000.qcom,qcrypto: qcrypto-cbc-des
<6>[    2.905961] qcrypto fd440000.qcom,qcrypto: qcrypto-ecb-3des
<6>[    2.906051] qcrypto fd440000.qcom,qcrypto: qcrypto-cbc-3des
<6>[    2.906169] qcrypto fd440000.qcom,qcrypto: qcrypto-xts-aes
<6>[    2.906259] qcrypto fd440000.qcom,qcrypto: qcrypto-sha1
<6>[    2.906376] qcrypto fd440000.qcom,qcrypto: qcrypto-sha256
<6>[    2.906468] qcrypto fd440000.qcom,qcrypto: qcrypto-aead-hmac-sha1-cbc-aes
<6>[    2.906586] qcrypto fd440000.qcom,qcrypto: qcrypto-aead-hmac-sha1-cbc-des
<6>[    2.906674] qcrypto fd440000.qcom,qcrypto: qcrypto-aead-hmac-sha1-cbc-3des
<6>[    2.906792] qcrypto fd440000.qcom,qcrypto: qcrypto-hmac-sha1
<6>[    2.906909] qcrypto fd440000.qcom,qcrypto: qcrypto-hmac-sha256
<6>[    2.906998] qcrypto fd440000.qcom,qcrypto: qcrypto-aes-ccm
<6>[    2.907114] qcrypto fd440000.qcom,qcrypto: qcrypto-rfc4309-aes-ccm
<6>[    2.907152] qcrypto: FIPS140-2 Known Answer Tests: Skipped
<4>[    2.907233] QCE50: __qce_get_device_tree_data: bam_pipe_pair=0x0
<4>[    2.907285] QCE50: __qce_get_device_tree_data: ce-device =0x1QCE50: __qce_get_device_tree_data: ce_phy_reg_base=0xfd440000  
<4>[    2.907441] QCE50: __qce_get_device_tree_data: ce_virt_reg_base=0xc7300000
<4>[    2.907537] QCE50: __qce_get_device_tree_data: ce_bam_phy_reg_base=0xfd444000  
<4>[    2.907574] QCE50: __qce_get_device_tree_data: CRYPTO BAM IRQ = 268.
<6>[    2.907841] qcrypto fd440000.qcom,qcrypto1: Qualcomm Crypto 5.1.0 device found @0xfd440000
<6>[    2.907908] qcrypto fd440000.qcom,qcrypto1: CE device = 0x1
<6>[    2.907908] , IO base, CE = 0xc7300000
<6>[    2.907908] , Consumer (IN) PIPE 0,    Producer (OUT) PIPE 1
<6>[    2.907908] IO base BAM = 0x0
<6>[    2.907908] BAM IRQ 268
<6>[    2.907908] Engines Availability = 0x1010853
<6>[    2.908320] QCE50: qce_sps_init:  Qualcomm MSM CE-BAM at 0x00000000fd444000 irq 268
<6>[    2.908493] qcrypto: FIPS140-2 Known Answer Tests: Skipped
<6>[    2.909468] usbcore: registered new interface driver usbhid
<6>[    2.909534] usbhid: USB HID core driver
<6>[    2.909825] ashmem: initialized
<6>[    2.909893] logger: created 256K log 'log_main'
<6>[    2.909986] logger: created 256K log 'log_events'
<6>[    2.910055] logger: created 256K log 'log_radio'
<6>[    2.910120] logger: created 256K log 'log_system'
<6>[    2.910618] sps:BAM 0xf9304000 is registered.
<6>[    2.910667] sps:BAM 0xf9a44000 is registered.<3>[    2.910767] usb_bam_ipa_create_resources: Failed to create USB_PROD resource
<6>[    2.910995] qcom,qpnp-power-on qpnp-power-on-7: PMIC@SID0 Power-on reason: Triggered from KPD (power key press) and 'warm' boot
<6>[    2.911075] qcom,qpnp-power-on qpnp-power-on-7: PMIC@SID0: Power-off reason: Triggered from PS_HOLD (PS_HOLD/MSM controlled shutdown)
<6>[    2.911283] input: qpnp_pon as /devices/virtual/input/input2
<6>[    2.911966] qpnp_coincell_charger_show_state: enabled=Y, voltage=3000 mV, resistance=2100 ohm
<6>[    2.912143] PMIC@SID4: PM8841 v2.1 options: 0, 0, 2, 2
<6>[    2.912259] PMIC@SID0: PM8941 v3.1 options: 2, 0, 0, 0
<6>[    2.912697] usbcore: registered new interface driver snd-usb-audio
<6>[    2.913795] tfa98xx_init
<6>[    2.914043] tfa98xx_probe
<6>[    2.914181] tfa98xx_i2c_init
<6>[    2.920185] msm-compr-dsp msm-compr-dsp: msm_compr_probe: dev name msm-compr-dsp
<6>[    2.920712] msm-pcm-lpa msm-pcm-lpa: msm_pcm_probe: dev name msm-pcm-lpa
<6>[    2.921372] platform qcom,msm-voip-dsp.50: Driver msm-voip-dsp requests probe deferral
<6>[    2.921708] platform qcom,msm-pcm-voice.51: Driver msm-pcm-voice requests probe deferral
<6>[    2.923302] sony_hweffect_params_init
<6>[    2.923528] ocmem: Notifier registered for 5
<6>[    2.924006] msm8974-asoc-taiko fe02c000.sound: msm8974_asoc_machine_probe(): hdmi audio support present
<6>[    2.924116] platform fe02c000.sound: Driver msm8974-asoc-taiko requests probe deferral
<6>[    2.925188] oprofile: using arm/armv7-krait
<6>[    2.925266] u32 classifier
<6>[    2.925303]     Actions configured
<6>[    2.925343] Netfilter messages via NETLINK v0.30.
<6>[    2.925442] nf_conntrack version 0.5.0 (16384 buckets, 65536 max)
<6>[    2.925683] ctnetlink v0.93: registering with nfnetlink.
<6>[    2.925787] NF_TPROXY: Transparent proxy support initialized, version 4.1.0
<6>[    2.925853] NF_TPROXY: Copyright (c) 2006-2007 BalaBit IT Ltd.
<6>[    2.926018] xt_time: kernel timezone is -0000
<6>[    2.926188] ip_tables: (C) 2000-2006 Netfilter Core Team
<6>[    2.926343] arp_tables: (C) 2002 David S. Miller
<6>[    2.926401] TCP: cubic registered
<6>[    2.926466] Initializing XFRM netlink socket
<6>[    2.926672] NET: Registered protocol family 10
<6>[    2.927856] Mobile IPv6
<6>[    2.927937] ip6_tables: (C) 2000-2006 Netfilter Core Team
<6>[    2.928052] IPv6 over IPv4 tunneling driver
<6>[    2.928315] NET: Registered protocol family 17
<6>[    2.928395] NET: Registered protocol family 15
<5>[    2.928462] Bridge firewalling registered
<6>[    2.928534] Ebtables v2.0 registered
<6>[    2.928665] Bluetooth: RFCOMM TTY layer initialized
<6>[    2.928708] Bluetooth: RFCOMM socket layer initialized
<6>[    2.928774] Bluetooth: RFCOMM ver 1.11
<6>[    2.928811] Bluetooth: BNEP (Ethernet Emulation) ver 1.3
<6>[    2.928876] Bluetooth: BNEP filters: protocol multicast
<6>[    2.928913] Bluetooth: HIDP (Human Interface Emulation) ver 1.2
<6>[    2.928953] L2TP core driver, V2.0
<6>[    2.928995] PPPoL2TP kernel driver, V2.0
<5>[    2.929392] Registering SWP/SWPB emulation handler
<6>[    2.933646] registered taskstats version 1
<6>[    2.933720] gdsc_oxili_gx: disabling
<6>[    2.933772] gdsc_venus: disabling
<6>[    2.934166] msm8974-asoc-taiko fe02c000.sound: msm8974_asoc_machine_probe(): hdmi audio support present
<6>[    2.934263] platform fe02c000.sound: Driver msm8974-asoc-taiko requests probe deferral
<6>[    2.935371] flash_wa: 
<6>[    2.935674] batfet: 
<6>[    2.935847] 8941_smbb_otg: 
<6>[    2.935934] 8941_smbb_otg: supplied by 8941_boost
<6>[    2.936201] 8941_smbb_boost: 5000 mV 
<6>[    2.968964] msm-dwc3 msm_dwc3: dwc3_msm_power_set_property_usb: set bsv=1
<6>[    2.969152] input: qpnp_chg_unplug_key as /devices/qpnp-charger-14/input/input3
<6>[    2.969356] qpnp_charger_probe: success chg_dis = 0, bpd = 1, usb = 1, dc = 0  batt_present = 1 b_health= 1
<6>[    2.974223] BMS: select_battery_vendor: battery_id = 1383000 vendor = SEND min = 1330000 max = 1430000
<6>[    3.007316] dwc3 f9200000.dwc3: XCVR: ID set
<6>[    3.007382] dwc3 f9200000.dwc3: XCVR: BSV set
<6>[    3.007439] dwc3 f9200000.dwc3: b_idle state
<6>[    3.067707] mmc1: BKOPS_EN bit = 1
<6>[    3.085440] mmc1: new HS400 MMC card at address 0001
<6>[    3.085715] mmcblk0: mmc1:0001 016GE2 14.6 GiB 
<6>[    3.085905] mmcblk0rpmb: mmc1:0001 016GE2 partition 3 4.00 MiB
<6>[    3.087248]  mmcblk0: p1 p2 p3 p4 p5 p6 p7 p8 p9 p10 p11 p12 p13 p14 p15 p16 p17 p18 p19 p20 p21 p22 p23 p24 p25
<6>[    3.157741] msm-dwc3 msm_dwc3: chg_type = USB_SDP_CHARGER
<6>[    3.157812] dwc3 f9200000.dwc3: b_idle state
<6>[    3.160245] dwc3 f9200000.dwc3: b_peripheral state
<6>[    3.294779] BMS: qpnp_bms_probe: probe success: soc =100 vbatt = 4183828 ocv = 4280000 r_sense_uohm = 10000 warm_reset = 1
<6>[    3.295004] spi spi0.2: Driver ks8851 requests probe deferral
<6>[    3.295729] qpnp_bsi_clear_bsi_error: PMIC BSI module in error state, error=5
<3>[    3.307614] qcom,qpnp-bsi qpnp-bsi-8: qpnp_bsi_wait_for_tx: transaction error occurred, BSI error=5
<6>[    3.307793] qpnp_bsi_clear_bsi_error: PMIC BSI module in error state, error=5
<3>[    3.308739] qcom,qpnp-bsi qpnp-bsi-8: qpnp_bsi_wait_for_tx: transaction error occurred, BSI error=5
<3>[    3.308805] bif_perform_uid_search: bus_transaction failed, rc=-5
<6>[    3.308954] qpnp_bsi_clear_bsi_error: PMIC BSI module in error state, error=5
<3>[    3.309270] qcom,qpnp-bsi qpnp-bsi-8: qpnp_bsi_wait_for_tx: transaction error occurred, BSI error=5
<3>[    3.309336] bif_perform_uid_search: bus_transaction failed, rc=-5
<6>[    3.309484] qpnp_bsi_clear_bsi_error: PMIC BSI module in error state, error=5
<3>[    3.309800] qcom,qpnp-bsi qpnp-bsi-8: qpnp_bsi_wait_for_tx: transaction error occurred, BSI error=5
<3>[    3.309866] bif_perform_uid_search: bus_transaction failed, rc=-5
<6>[    3.310015] qpnp_bsi_clear_bsi_error: PMIC BSI module in error state, error=5
<3>[    3.310332] qcom,qpnp-bsi qpnp-bsi-8: qpnp_bsi_wait_for_tx: transaction error occurred, BSI error=5
<3>[    3.310398] bif_perform_uid_search: bus_transaction failed, rc=-5
<6>[    3.310545] qpnp_bsi_clear_bsi_error: PMIC BSI module in error state, error=5
<3>[    3.310881] qcom,qpnp-bsi qpnp-bsi-8: qpnp_bsi_wait_for_tx: transaction error occurred, BSI error=5
<3>[    3.310963] bif_perform_uid_search: bus_transaction failed, rc=-5
<6>[    3.311022] bif_ctrl_register: Battery pack present = Y
<6>[    3.329727] bif_ctrl_register: Battery pack type = smart (Rid=411363 ohm)
<6>[    3.329971] 8941_mvs1: 
<6>[    3.330023] 8941_mvs1: supplied by 8941_smbb_otg
<6>[    3.330384] msm8974-asoc-taiko fe02c000.sound: msm8974_asoc_machine_probe(): hdmi audio support present
<6>[    3.330688] platform fe02c000.sound: Driver msm8974-asoc-taiko requests probe deferral
<6>[    3.330842] spi spi0.2: Driver ks8851 requests probe deferral
<7>[    3.331992] gpio_set_debounce: gpio-410 status -22
<7>[    3.332193] gpio_set_debounce: gpio-411 status -22
<7>[    3.332306] gpio_set_debounce: gpio-412 status -22
<7>[    3.332416] gpio_set_debounce: gpio-409 status -22
<6>[    3.332596] input: gpio-keys as /devices/gpio_keys.81/input/input4
<6>[    3.332903] qcom,qpnp-rtc qpnp-rtc-17: setting system clock to 1970-01-03 17:03:49 UTC (234229)
<6>[    3.333349] msm_thermal:interrupt_mode_init Interrupt mode init
<6>[    3.333726] spi spi0.2: Driver ks8851 requests probe deferral
<6>[    3.334024] msm8974-asoc-taiko fe02c000.sound: msm8974_asoc_machine_probe(): hdmi audio support present
<6>[    3.334256] clock_late_init: Removing enables held for handed-off clocks
<6>[    3.334341] platform fe02c000.sound: Driver msm8974-asoc-taiko requests probe deferral
<4>[    3.340462] dhd_module_init in
<4>[    3.340746] found wifi platform device bcmdhd_wlan
<4>[    3.341060] Power-up adapter 'DHD generic adapter'
<4>[    3.341112] wifi_platform_set_power = 1
<4>[    3.341189] batfet: Failed to create debugfs directory
<6>[    3.342660] mmc2: new ultra high speed DDR50 SDHC card at address aaaa
<6>[    3.342923] mmcblk1: mmc2:aaaa SL32G 28.7 GiB 
<6>[    3.367603]  mmcblk1: p1
<6>[    3.367992] msm8974-asoc-taiko fe02c000.sound: msm8974_asoc_machine_probe(): hdmi audio support present
<6>[    3.368216] platform fe02c000.sound: Driver msm8974-asoc-taiko requests probe deferral
<6>[    3.368423] spi spi0.2: Driver ks8851 requests probe deferral
<4>[    3.543963] wifi_platform_bus_enumerate device present 1
<6>[    3.544030] wcf_status: wifi_detect = 1
<6>[    3.544067] mmc0: Slot status change detected (0 -> 1)
<4>[    3.599771] mmc0: queuing unknown CIS tuple 0x91 (3 bytes)
<6>[    3.599841] mmc0: new ultra high speed DDR50 SDIO card at address 0001
<6>[    3.600172] spi spi0.2: Driver ks8851 requests probe deferral
<6>[    3.600386] msm8974-asoc-taiko fe02c000.sound: msm8974_asoc_machine_probe(): hdmi audio support present
<6>[    3.600628] platform fe02c000.sound: Driver msm8974-asoc-taiko requests probe deferral
<6>[    3.600911] msm8974-asoc-taiko fe02c000.sound: msm8974_asoc_machine_probe(): hdmi audio support present
<6>[    3.601120] platform fe02c000.sound: Driver msm8974-asoc-taiko requests probe deferral
<6>[    3.601258] spi spi0.2: Driver ks8851 requests probe deferral
<4>[    3.617583] F1 signature read @0x18000000=0x16224335
<6>[    3.620596] spi spi0.2: Driver ks8851 requests probe deferral
<6>[    3.620838] msm8974-asoc-taiko fe02c000.sound: msm8974_asoc_machine_probe(): hdmi audio support present
<6>[    3.621048] platform fe02c000.sound: Driver msm8974-asoc-taiko requests probe deferral
<4>[    3.623952] F1 signature OK, socitype:0x1 chip:0x4339 rev:0x1 pkg:0x2
<4>[    3.624848] DHD: dongle ram size is set to 786432(orig 786432) at 0x180000
<4>[    3.625001] wifi_platform_prealloc: failed to alloc static mem section 7
<4>[    3.625042] wifi_platform_get_mac_addr
<3>[    3.625098] shinano_wifi_get_mac_addr: Failed to get information from file /sys/devices/platform/bcmdhd_wlan/macaddr (-2)
<6>[    3.625168] [shinano_wifi_get_mac_addr] Exiting. MAC 00:90:4C:BA:90:C0
<6>[    3.625286] CFG80211-ERROR) wl_setup_wiphy : Registering Vendor80211
<6>[    3.625586] CFG80211-ERROR) wl_event_handler : tsk Enter, tsk = 0xf1ea1420
<4>[    3.625666] wl_create_event_handler(): thread:wl_event_handler:c2 started
<4>[    3.626043] p2p0: P2P Interface Registered
<4>[    3.626168] dhd_attach(): thread:dhd_watchdog_thread:c3 started
<4>[    3.626305] dhd_attach(): thread:dhd_dpc:c4 started
<4>[    3.626406] dhd_attach(): thread:dhd_rxf:c5 started
<4>[    3.626475] dhd_deferred_work_init: work queue initialized
<4>[    3.626792] Dongle Host Driver, version 1.201.31 (r)
<4>[    3.626792] Compiled in drivers/net/wireless/bcmdhd on Oct 27 2021 at 06:05:39
<4>[    3.627078] Register interface [wlan0]  MAC: 00:90:4c:ba:90:c0
<4>[    3.627078] 
<4>[    3.627146] dhd_prot_ioctl : bus is down. we have nothing to do
<4>[    3.627311] wifi_platform_set_power = 0
<6>[    3.627463] ALSA device list:
<6>[    3.627500]   No soundcards found.
<4>[    3.627574] Warning: unable to open an initial console.
<6>[    3.627665] Freeing init memory: 56K
<6>[    3.628365] msm8974-asoc-taiko fe02c000.sound: msm8974_asoc_machine_probe(): hdmi audio support present
<12>[    3.628367] magiskinit: Kernel cmdline info:
<12>[    3.628372] magiskinit: skip_initramfs=[0]
<12>[    3.628376] magiskinit: force_normal_boot=[0]
<12>[    3.628379] magiskinit: rootwait=[0]
<12>[    3.628382] magiskinit: slot=[]
<12>[    3.628385] magiskinit: dt_dir=[]
<12>[    3.628388] magiskinit: fstab_suffix=[]
<12>[    3.628391] magiskinit: hardware=[qcom]
<12>[    3.628394] magiskinit: hardware.platform=[]
<12>[    3.628416] magiskinit: open: /proc/bootconfig failed with 2: No such file or directory
<12>[    3.628421] magiskinit: Boot config info:
<12>[    3.628424] magiskinit: skip_initramfs=[0]
<12>[    3.628427] magiskinit: force_normal_boot=[0]
<12>[    3.628430] magiskinit: rootwait=[0]
<12>[    3.628433] magiskinit: slot=[]
<12>[    3.628436] magiskinit: dt_dir=[]
<12>[    3.628439] magiskinit: fstab_suffix=[]
<12>[    3.628442] magiskinit: hardware=[qcom]
<12>[    3.628445] magiskinit: hardware.platform=[]
<12>[    3.628493] magiskinit: Device tree:
<6>[    3.629496] platform fe02c000.sound: Driver msm8974-asoc-taiko requests probe deferral
<6>[    3.629937] spi spi0.2: Driver ks8851 requests probe deferral
<12>[    3.633214] magiskinit: RootFSInit
<12>[    3.633276] magiskinit: Restoring /init
<12>[    3.639009] magiskinit: Setup system: [mmcblk0p23] (179, 23)
<6>[    3.698154] EXT4-fs (mmcblk0p23): mounted filesystem without journal. Opts: (null)
<12>[    3.698257] magiskinit: lstat /sbin failed with 2: No such file or directory
<12>[    3.698350] magiskinit: open: /sbin failed with 2: No such file or directory
<12>[    3.698402] magiskinit: readdir failed with 9: Bad file number
<12>[    3.698573] magiskinit: Setup userdata: [mmcblk0p25] (179, 25)
<6>[    3.701732] EXT4-fs (mmcblk0p25): mounted filesystem with ordered data mode. Opts: (null)
<12>[    3.702115] magiskinit: access /dev/mnt/data/unencrypted failed with 2: No such file or directory
<12>[    3.703391] magiskinit: access /dev/mnt/data/adb/modules failed with 2: No such file or directory
<12>[    3.703444] magiskinit: Setup cache: [mmcblk0p24] (179, 24)
<6>[    3.704930] EXT4-fs (mmcblk0p24): mounted filesystem with ordered data mode. Opts: (null)
<12>[    3.705447] magiskinit: sepol: no selinux
<12>[    3.705493] magiskinit: Merge overlay.d
<12>[    3.705594] magiskinit: faccessat sbin failed with 2: No such file or directory
<12>[    3.705723] magiskinit: fopen: /init.rc failed with 2: No such file or directory
<12>[    3.705845] magiskinit: Inject magisk services: [UG706bRD] [soj6TLFBTwiUcx] [AutWzOi]
<12>[    3.705918] magiskinit: lstat /init.rc failed with 2: No such file or directory
<12>[    3.717353] magiskinit: Unmount [/dev/mnt/cache]
<12>[    3.720677] magiskinit: Unmount [/dev/mnt/data]
<12>[    3.727363] magiskinit: Unmount [/system]
<12>[    3.728131] magiskinit: Unmount [/sys]
<12>[    3.728219] magiskinit: Unmount [/proc]
<3>[    3.828994] mmc0: SDIO interrupt recieved without function driver claiming an irq
<13>[    4.463496] init: init first stage started!
<7>[    4.465608] SELinux: 2048 avtab hash slots, 6784 rules.
<7>[    4.467067] SELinux: 2048 avtab hash slots, 6784 rules.
<7>[    4.467076] SELinux:  1 users, 2 roles, 662 types, 0 bools, 1 sens, 1024 cats
<7>[    4.467084] SELinux:  63 classes, 6784 rules
<7>[    4.467713] SELinux:  Completing initialization.
<7>[    4.467717] SELinux:  Setting up existing superblocks.
<7>[    4.467729] SELinux: initialized (dev sysfs, type sysfs), uses genfs_contexts
<7>[    4.467745] SELinux: initialized (dev rootfs, type rootfs), uses genfs_contexts
<7>[    4.468208] SELinux: initialized (dev bdev, type bdev), not configured for labeling
<7>[    4.468219] SELinux: initialized (dev proc, type proc), uses genfs_contexts
<7>[    4.468247] SELinux: initialized (dev tmpfs, type tmpfs), uses transition SIDs
<7>[    4.468262] SELinux: initialized (dev debugfs, type debugfs), uses genfs_contexts
<7>[    4.492721] SELinux: initialized (dev sockfs, type sockfs), uses task SIDs
<7>[    4.492734] SELinux: initialized (dev pipefs, type pipefs), uses task SIDs
<7>[    4.492745] SELinux: initialized (dev anon_inodefs, type anon_inodefs), not configured for labeling
<7>[    4.492754] SELinux: initialized (dev devpts, type devpts), uses transition SIDs
<7>[    4.492771] SELinux: initialized (dev configfs, type configfs), uses genfs_contexts
<7>[    4.492785] SELinux: initialized (dev selinuxfs, type selinuxfs), uses genfs_contexts
<7>[    4.492844] SELinux: initialized (dev tmpfs, type tmpfs), uses transition SIDs
<7>[    4.492862] SELinux: initialized (dev sysfs, type sysfs), uses genfs_contexts
<5>[    4.514419] type=1403 audit(234230.680:2): policy loaded auid=4294967295 ses=4294967295
<5>[    4.514914] type=1404 audit(234230.680:3): enforcing=1 old_enforcing=0 auid=4294967295 ses=4294967295
<13>[    4.517484] init: (Initializing SELinux enforcing took 0.05s.)
<13>[    4.519943] init: init second stage started!
<13>[    4.524326] init: Running restorecon...
<11>[    4.579827] init: waitpid failed: No child processes
<13>[    4.580463] init: (Loading properties from /default.prop took 0.00s.)
<11>[    4.581070] init: /init.rc: 13: invalid keyword 'setcon'
<11>[    4.581232] init: /init.rc: 61: invalid keyword 'load_all_props'
<11>[    4.581421] init: could not import file '/init.recovery.logd.rc' from '/init.rc': No such file or directory
<13>[    4.581626] init: (Parsing /init.recovery.usb.rc took 0.00s.)
<13>[    4.581730] init: (Parsing /init.recovery.service.rc took 0.00s.)
<11>[    4.581824] init: could not import file '/init.recovery.vold_decrypt.rc' from '/init.rc': No such file or directory
<13>[    4.581933] init: (Parsing /init.recovery.qcom.rc took 0.00s.)
<13>[    4.582011] init: (Parsing /init.rc took 0.00s.)
<5>[    4.582153] type=1400 audit(234230.746:4): avc:  denied  { setcheckreqprot } for  pid=1 comm="init" scontext=u:r:init:s0 tcontext=u:object_r:kernel:s0 tclass=security permissive=0
<13>[    4.582259] init: write_file: Unable to write to '/sys/fs/selinux/checkreqprot': Permission denied
<13>[    4.582395] init: Starting service 'ueventd'...
<13>[    4.582767] init: Waiting for /dev/.coldboot_done...
<13>[    4.584326] ueventd: ueventd started!
<11>[    4.584938] ueventd: invalid line ueventd.rc line for '*/'
<11>[    4.584985] ueventd: invalid uid 'fm_radio'
<11>[    4.585065] ueventd: invalid line ueventd.rc line for '/*'
<13>[    4.944472] ueventd: Coldboot took 0.36s.
<13>[    4.945792] init: Waiting for /dev/.coldboot_done took 0.36s.
<7>[    4.947425] SELinux: initialized (dev tmpfs, type tmpfs), uses transition SIDs
<7>[    4.948489] SELinux: initialized (dev functionfs, type functionfs), uses genfs_contexts
<3>[    4.948572] enable_store: android_usb: already disabled
<13>[    4.948987] init: (Loading properties from /system/build.prop took 0.00s.)
<13>[    4.949076] init: (Loading properties from /vendor/build.prop took 0.00s.)
<13>[    4.949165] init: (Loading properties from /factory/factory.prop took 0.00s.)
<11>[    4.949234] fs_mgr: Cannot open file /fstab.qcom
<11>[    4.949310] init: unable to read fstab /fstab.qcom: No such file or directory
<13>[    4.949382] init: (Loading properties from /data/local.prop took 0.00s.)
<11>[    4.949470] init: Unable to open persistent property directory "/data/property": No such file or directory
<13>[    4.950180] init: Starting service 'set_permissive'...
<13>[    4.950537] init: Starting service 'recovery'...
<13>[    4.950885] init: Starting service 'ldconfigtxt'...
<13>[    4.951493] init: Starting service 'adbd'...
<6>[    4.955284] read descriptors
<6>[    4.955363] read descriptors
<6>[    4.955405] read strings
<6>[    4.955795] dwc3 f9200000.dwc3: gadget android_usb data soft-connect
<5>[    4.959309] type=1400 audit(234231.123:5): avc:  denied  { write } for  pid=209 comm="touch" name="sbin" dev="rootfs" ino=5786 scontext=u:r:recovery:s0 tcontext=u:object_r:rootfs:s0 tclass=dir permissive=1
<5>[    4.959405] type=1400 audit(234231.123:6): avc:  denied  { add_name } for  pid=209 comm="touch" name="ld.config.txt" scontext=u:r:recovery:s0 tcontext=u:object_r:rootfs:s0 tclass=dir permissive=1
<5>[    4.959526] type=1400 audit(234231.123:7): avc:  denied  { create } for  pid=209 comm="touch" name="ld.config.txt" scontext=u:r:recovery:s0 tcontext=u:object_r:rootfs:s0 tclass=file permissive=1
<5>[    4.959620] type=1400 audit(234231.123:8): avc:  denied  { write } for  pid=209 comm="touch" name="ld.config.txt" dev="rootfs" ino=6788 scontext=u:r:recovery:s0 tcontext=u:object_r:rootfs:s0 tclass=file permissive=1
<13>[    4.960307] init: Service 'ldconfigtxt' (pid 209) exited with status 0
<6>[    4.962011] dwc3 f9200000.dwc3: set power supply type = SDP
<6>[    4.962060] dwc3 f9200000.dwc3: Avail curr from USB = 2
<6>[    4.962155] android_work: android_work: did not send uevent (0 0   (null))
<5>[    4.967368] type=1400 audit(234231.133:9): avc:  denied  { write } for  pid=214 comm="setenforce" name="enforce" dev="selinuxfs" ino=4 scontext=u:r:recovery:s0 tcontext=u:object_r:selinuxfs:s0 tclass=file permissive=1
<5>[    4.967529] type=1400 audit(234231.133:10): avc:  denied  { setenforce } for  pid=214 comm="setenforce" scontext=u:r:recovery:s0 tcontext=u:object_r:kernel:s0 tclass=security permissive=1
<13>[    4.968459] init: Service 'set_permissive' (pid 207) exited with status 0
<11>[    5.021126] init: avc:  denied  { set } for property=twrp.crash_counter pid=208 uid=0 gid=0 scontext=u:r:recovery:s0 tcontext=u:object_r:default_prop:s0 tclass=property_service permissive=1
<6>[    5.031122] clearpad clearpad: clearpad_set_power: state=running
<6>[    5.042835] clearpad clearpad: clearpad_vreg_suspend: vdd: set mode (LPM) ok, new mode=4
<6>[    5.042837] clearpad clearpad: suspend mode OK
<6>[    5.042862] clearpad clearpad: clearpad_set_power: state=running
<6>[    5.043228] clearpad clearpad: clearpad_vreg_suspend: vdd: set mode (HPM) ok, new mode=2
<4>[    5.050075] mdss_dsi_on:692 Panel already on.
<6>[    5.056534] dwc3 f9200000.dwc3: dwc3_gadget_reset_interrupt
<6>[    5.056540] dwc3 f9200000.dwc3: set power supply type = SDP
<6>[    5.056549] dwc3 f9200000.dwc3: Avail curr from USB = 0
<6>[    5.065347] clearpad clearpad: normal mode OK
<6>[    5.076017] mdss_dsi_panel_disp_on: ctrl=f2fcd810 ndx=0
<6>[    5.113587] dwc3 f9200000.dwc3: high speed
<6>[    5.113705] android_work: android_work: did not send uevent (0 0   (null))
<4>[    5.118864] EXT4-fs (mmcblk0p24): warning: maximal mount count reached, running e2fsck is recommended
<6>[    5.119483] EXT4-fs (mmcblk0p24): mounted filesystem with ordered data mode. Opts: 
<7>[    5.119568] SELinux: initialized (dev mmcblk0p24, type ext4), uses xattr
<6>[    5.132367] EXT4-fs (mmcblk0p25): mounted filesystem with ordered data mode. Opts: 
<7>[    5.132417] SELinux: initialized (dev mmcblk0p25, type ext4), uses xattr
<6>[    5.132437] SELinux:  Context u:object_r:system_data_root_file:s0 is not valid (left unmapped).
<6>[    5.146953] android_work: android_work: sent uevent USB_STATE=CONNECTED
<6>[    5.169400] EXT4-fs (mmcblk0p25): mounted filesystem with ordered data mode. Opts: 
<7>[    5.169453] SELinux: initialized (dev mmcblk0p25, type ext4), uses xattr
<6>[    5.222458] EXT4-fs (mmcblk0p25): mounted filesystem with ordered data mode. Opts: 
<7>[    5.222541] SELinux: initialized (dev mmcblk0p25, type ext4), uses xattr
<6>[    5.257602] android_usb gadget: high-speed config #1: fe8050c8.android_usb
<6>[    5.257702] dwc3 f9200000.dwc3: set power supply type = SDP
<6>[    5.257747] dwc3 f9200000.dwc3: Avail curr from USB = 500
<6>[    5.276346] EXT4-fs (mmcblk0p25): mounted filesystem with ordered data mode. Opts: 
<7>[    5.276398] SELinux: initialized (dev mmcblk0p25, type ext4), uses xattr
<4>[    5.301588] mmc2: Starting deferred resume
<6>[    5.310641] android_work: android_work: sent uevent USB_STATE=CONFIGURED
<4>[    5.492954] mmc2: Deferred resume completed
<6>[    5.532890] SELinux:  Context u:object_r:apex_data_file:s0 is not valid (left unmapped).
<6>[    5.536807] SELinux:  Context u:object_r:privapp_data_file:s0:c176,c256,c512,c768 is not valid (left unmapped).
<6>[    5.551354] SELinux:  Context u:object_r:privapp_data_file:s0:c512,c768 is not valid (left unmapped).
<6>[    5.839585] SELinux:  Context u:object_r:privapp_data_file:s0 is not valid (left unmapped).
<6>[    5.876297] SELinux:  Context u:object_r:privapp_data_file:s0:c177,c256,c512,c768 is not valid (left unmapped).
<5>[    6.137086] random: nonblocking pool is initialized
<6>[    6.176579] SELinux:  Context u:object_r:staging_data_file:s0 is not valid (left unmapped).
<6>[    6.182722] SELinux:  Context u:object_r:credstore_data_file:s0 is not valid (left unmapped).
<6>[    6.191818] SELinux:  Context u:object_r:emergency_data_file:s0 is not valid (left unmapped).
<6>[    6.193087] SELinux:  Context u:object_r:network_watchlist_data_file:s0 is not valid (left unmapped).
<6>[    6.193237] SELinux:  Context u:object_r:textclassifier_data_file:s0 is not valid (left unmapped).
<6>[    6.203195] SELinux:  Context u:object_r:update_engine_log_data_file:s0 is not valid (left unmapped).
<6>[    6.203507] SELinux:  Context u:object_r:wm_trace_data_file:s0 is not valid (left unmapped).
<6>[    6.279397] SELinux:  Context u:object_r:apex_module_data_file:s0 is not valid (left unmapped).
<6>[    6.279531] SELinux:  Context u:object_r:apex_wifi_data_file:s0 is not valid (left unmapped).
<6>[    6.280103] SELinux:  Context u:object_r:apex_permission_data_file:s0 is not valid (left unmapped).
<6>[    6.281145] SELinux:  Context u:object_r:apex_rollback_data_file:s0 is not valid (left unmapped).
<6>[    6.281366] SELinux:  Context u:object_r:snapshotctl_log_data_file:s0 is not valid (left unmapped).
<6>[    6.281528] SELinux:  Context u:object_r:prereboot_data_file:s0 is not valid (left unmapped).
<6>[    6.281662] SELinux:  Context u:object_r:stats_data_file:s0 is not valid (left unmapped).
<6>[    6.282699] SELinux:  Context u:object_r:sensors_data_file:s0 is not valid (left unmapped).
<6>[    6.283088] SELinux:  Context u:object_r:data_qsee_file:s0 is not valid (left unmapped).
<6>[    6.283217] SELinux:  Context u:object_r:location_data_file:s0 is not valid (left unmapped).
<6>[    6.284791] SELinux:  Context u:object_r:incident_data_file:s0 is not valid (left unmapped).
<6>[    6.284953] SELinux:  Context u:object_r:iorapd_data_file:s0 is not valid (left unmapped).
<6>[    6.285108] SELinux:  Context u:object_r:mpctl_socket:s0 is not valid (left unmapped).
<6>[    6.285286] SELinux:  Context u:object_r:perfetto_traces_data_file:s0 is not valid (left unmapped).
<6>[    6.286462] SELinux:  Context u:object_r:trace_data_file:s0 is not valid (left unmapped).
<6>[    6.288318] SELinux:  Context u:object_r:vendor_data_file:s0 is not valid (left unmapped).
<6>[    6.288982] SELinux:  Context u:object_r:vendor_tombstone_data_file:s0 is not valid (left unmapped).
<6>[    6.290155] SELinux:  Context u:object_r:wifi_vendor_data_file:s0 is not valid (left unmapped).
<6>[    6.290459] SELinux:  Context u:object_r:wpa_data_file:s0 is not valid (left unmapped).
<6>[    6.291157] SELinux:  Context u:object_r:hostapd_data_file:s0 is not valid (left unmapped).
<6>[    6.291987] SELinux:  Context u:object_r:nfc_vendor_data_file:s0 is not valid (left unmapped).
<6>[    6.292526] SELinux:  Context u:object_r:time_data_file:s0 is not valid (left unmapped).
<6>[    6.293767] SELinux:  Context u:object_r:face_vendor_data_file:s0 is not valid (left unmapped).
<6>[    6.294997] SELinux:  Context u:object_r:fingerprint_vendor_data_file:s0 is not valid (left unmapped).
<6>[    6.336763] SELinux:  Context u:object_r:dropbox_data_file:s0 is not valid (left unmapped).
<4>[    6.347930] audit_printk_skb: 1464 callbacks suppressed
<5>[    6.347970] type=1400 audit(234232.513:499): avc:  denied  { getattr } for  pid=208 comm="recovery" path="/data/system/heapdump" dev="mmcblk0p25" ino=407203 scontext=u:r:recovery:s0 tcontext=u:object_r:heapdump_data_file:s0 tclass=dir permissive=1
<5>[    6.348093] type=1400 audit(234232.513:500): avc:  denied  { read } for  pid=208 comm="recovery" name="heapdump" dev="mmcblk0p25" ino=407203 scontext=u:r:recovery:s0 tcontext=u:object_r:heapdump_data_file:s0 tclass=dir permissive=1
<5>[    6.348203] type=1400 audit(234232.513:501): avc:  denied  { open } for  pid=208 comm="recovery" name="heapdump" dev="mmcblk0p25" ino=407203 scontext=u:r:recovery:s0 tcontext=u:object_r:heapdump_data_file:s0 tclass=dir permissive=1
<5>[    6.349997] type=1400 audit(234232.513:502): avc:  denied  { getattr } for  pid=208 comm="recovery" path="/data/system/users/0/wallpaper_orig" dev="mmcblk0p25" ino=407531 scontext=u:r:recovery:s0 tcontext=u:object_r:wallpaper_file:s0 tclass=file permissive=1
<5>[    6.350250] type=1400 audit(234232.513:503): avc:  denied  { getattr } for  pid=208 comm="recovery" path="/data/system/users/0/photo.png" dev="mmcblk0p25" ino=407545 scontext=u:r:recovery:s0 tcontext=u:object_r:icon_file:s0 tclass=file permissive=1
<6>[    6.351328] SELinux:  Context u:object_r:mpctl_data_file:s0 is not valid (left unmapped).
<6>[    6.351687] SELinux:  Context u:object_r:system_unsolzygote_socket:s0 is not valid (left unmapped).
<5>[    6.351783] type=1400 audit(234232.516:504): avc:  denied  { getattr } for  pid=208 comm="recovery" path="/data/system/unsolzygotesocket" dev="mmcblk0p25" ino=407209 scontext=u:r:recovery:s0 tcontext=u:object_r:unlabeled:s0 tclass=sock_file permissive=1
<6>[    6.362018] SELinux:  Context u:object_r:packages_list_file:s0 is not valid (left unmapped).
<5>[    6.400681] type=1400 audit(234232.566:505): avc:  denied  { getattr } for  pid=208 comm="recovery" path="/data/system/ndebugsocket" dev="mmcblk0p25" ino=407505 scontext=u:r:recovery:s0 tcontext=u:object_r:system_ndebug_socket:s0 tclass=sock_file permissive=1
<5>[    6.400873] type=1400 audit(234232.566:506): avc:  denied  { getattr } for  pid=208 comm="recovery" path="/data/system/theme" dev="mmcblk0p25" ino=407479 scontext=u:r:recovery:s0 tcontext=u:object_r:theme_data_file:s0 tclass=dir permissive=1
<5>[    6.400993] type=1400 audit(234232.566:507): avc:  denied  { read } for  pid=208 comm="recovery" name="theme" dev="mmcblk0p25" ino=407479 scontext=u:r:recovery:s0 tcontext=u:object_r:theme_data_file:s0 tclass=dir permissive=1
<5>[    6.401103] type=1400 audit(234232.566:508): avc:  denied  { open } for  pid=208 comm="recovery" name="theme" dev="mmcblk0p25" ino=407479 scontext=u:r:recovery:s0 tcontext=u:object_r:theme_data_file:s0 tclass=dir permissive=1
<6>[    6.438194] SELinux:  Context u:object_r:storaged_data_file:s0 is not valid (left unmapped).
<6>[    6.438523] SELinux:  Context u:object_r:rollback_data_file:s0 is not valid (left unmapped).
<6>[    6.636883] SELinux:  Context u:object_r:scd_data_file:s0 is not valid (left unmapped).
<6>[    6.637350] SELinux:  Context u:object_r:credmgrd_data_file:s0 is not valid (left unmapped).
<6>[    6.637860] SELinux:  Context u:object_r:camera_socket:s0 is not valid (left unmapped).
<6>[    6.640470] SELinux:  Context u:object_r:gsi_data_file:s0 is not valid (left unmapped).
<6>[    6.641553] SELinux:  Context u:object_r:ota_image_data_file:s0 is not valid (left unmapped).
<6>[    6.642697] SELinux:  Context u:object_r:server_configurable_flags_data_file:s0 is not valid (left unmapped).
<6>[    6.656217] EXT4-fs (mmcblk0p23): mounted filesystem without journal. Opts: 
<7>[    6.656270] SELinux: initialized (dev mmcblk0p23, type ext4), uses xattr
<4>[    6.676042] FAT-fs (mmcblk1p1): utf8 is not a recommended IO charset for FAT filesystems, filesystem will be case sensitive!
<4>[    6.679734] FAT-fs (mmcblk1p1): Volume was not properly unmounted. Some data may be corrupt. Please run fsck.
<7>[    6.679844] SELinux: initialized (dev mmcblk1p1, type vfat), uses genfs_contexts
<4>[    7.417969] FAT-fs (mmcblk1p1): utf8 is not a recommended IO charset for FAT filesystems, filesystem will be case sensitive!
<4>[    7.421738] FAT-fs (mmcblk1p1): Volume was not properly unmounted. Some data may be corrupt. Please run fsck.
<7>[    7.421816] SELinux: initialized (dev mmcblk1p1, type vfat), uses genfs_contexts
<11>[    7.587160] init: avc:  denied  { set } for property=sys.usb.config pid=208 uid=0 gid=0 scontext=u:r:recovery:s0 tcontext=u:object_r:system_radio_prop:s0 tclass=property_service permissive=1
<6>[    7.587356] dwc3 f9200000.dwc3: gadget android_usb data soft-disconnect
<3>[    7.587427] dwc3 f9200000.dwc3: request f2298700 was not queued to ep0out
<6>[    7.587746] mtp_bind_config
<6>[    7.588133] dwc3 f9200000.dwc3: gadget android_usb data soft-connect
<6>[    7.594347] dwc3 f9200000.dwc3: set power supply type = SDP
<6>[    7.594422] dwc3 f9200000.dwc3: Avail curr from USB = 2
<6>[    7.594487] android_work: android_work: did not send uevent (1 1   (null))
<7>[    7.601652] SELinux: initialized (dev mmcblk0p23, type ext4), uses xattr
<6>[    7.710603] dwc3 f9200000.dwc3: dwc3_gadget_reset_interrupt
<6>[    7.710652] dwc3 f9200000.dwc3: set power supply type = SDP
<6>[    7.710725] dwc3 f9200000.dwc3: Avail curr from USB = 0
<6>[    7.710825] android_work: android_work: sent uevent USB_STATE=DISCONNECTED
<6>[    7.767650] dwc3 f9200000.dwc3: high speed
<6>[    7.767726] android_work: android_work: did not send uevent (0 0   (null))
<6>[    7.801153] android_work: android_work: sent uevent USB_STATE=CONNECTED
<6>[    7.865599] android_usb gadget: high-speed config #1: fe8050c8.android_usb
<6>[    7.865693] dwc3 f9200000.dwc3: set power supply type = SDP
<6>[    7.865765] dwc3 f9200000.dwc3: Avail curr from USB = 500
<6>[    7.917387] android_work: android_work: sent uevent USB_STATE=CONFIGURED
<6>[    8.389272] mtp_open
<4>[   18.993524] audit_printk_skb: 423 callbacks suppressed
<5>[   18.993567] type=1400 audit(1636156216.403:650): avc:  denied  { write } for  pid=208 comm="recovery" name="recovery.log" dev="mmcblk0p25" ino=423489 scontext=u:r:recovery:s0 tcontext=u:object_r:media_rw_data_file:s0 tclass=file permissive=1
<5>[   19.057280] type=1400 audit(1636156216.466:651): avc:  denied  { setattr } for  pid=208 comm="recovery" name="recovery.log" dev="mmcblk0p25" ino=423489 scontext=u:r:recovery:s0 tcontext=u:object_r:media_rw_data_file:s0 tclass=file permissive=1
<5>[   19.057417] type=1400 audit(1636156216.470:652): avc:  denied  { relabelfrom } for  pid=208 comm="recovery" name="recovery.log" dev="mmcblk0p25" ino=423489 scontext=u:r:recovery:s0 tcontext=u:object_r:media_rw_data_file:s0 tclass=file permissive=1
<5>[   19.057534] type=1400 audit(1636156216.470:653): avc:  denied  { relabelto } for  pid=208 comm="recovery" name="recovery.log" dev="mmcblk0p25" ino=423489 scontext=u:r:recovery:s0 tcontext=u:object_r:media_rw_data_file:s0 tclass=file permissive=1
